############################################
############################################
############################################
############################################
############################################
############################################
#######.+.....................##############
#######...+..............##...##############
#######.......................##############
#########.....................##############
#########....................###############
#########.............L..J...###############
#########....................###############
########..........wwwwwwwww..###############
#######......................###############
#######.............#######..###############
#######...............##......##############
#######...............##.....###############
#######......................###############
#######....................#################
#######............#........################
#######............#..........##############
########.....................###############
############.................###############
##########...................###############
#######......................###############
#######......b........b.......##############
------1-----------------------1-------------
############################################
############################################
############################################
############################################
############################################
